[2025-12-04 10:47:17] INFO - UserService - saving - Creant l'usuari amb id null
[2025-12-04 10:47:43] INFO - UserService - savingFiles - Guardant fitxers, el fitxer s'ha emmagatzemat en private/image
[2025-12-04 10:47:43] INFO - UserService - uploadingImage - Afegint la imatge a la url private/image
[2025-12-04 10:48:15] ERROR - UserSerice - deletingUser - No s'ha trobat cap usuari amb id: 3
[2025-12-04 10:49:45] ERROR - UserSerice - deletingUser - No s'ha trobat cap usuari amb id: 3
[2025-12-04 10:49:59] INFO - UserService - saving - Creant l'usuari amb id null
[2025-12-04 10:50:04] INFO - UserService - UploadingCsvUsers - Afegint 7 usuaris
[2025-12-04 10:50:04] INFO - UserService - savingFiles - Guardant fitxers, el fitxer s'ha emmagatzemat en private/csv_processed
[2025-12-04 10:53:40] ERROR - UserService - gettingAllUsers - No hi ha usuaris enregistrats
[2025-12-04 10:53:59] ERROR - UserSerice - gettingAllUsers - No s'ha trobat cap usuari amb id: 1
[2025-12-04 10:55:36] INFO - UserService - UploadingCsvUsers - Afegint 7 usuaris
[2025-12-04 10:55:36] INFO - UserService - savingFiles - Guardant fitxers, el fitxer s'ha emmagatzemat en private/csv_processed
[2025-12-04 10:55:41] INFO - UserService - gettingAllUsers - Cercant tots els usuaris...
[2025-12-04 10:56:47] ERROR - UserService - gettingAllUsers - No hi ha usuaris enregistrats
[2025-12-04 10:57:02] INFO - UserService - saving - Creant l'usuari...
[2025-12-04 10:57:02] INFO - UserService - saving - Creant l'usuari...
[2025-12-04 10:57:35] INFO - UserService - saving - Creant l'usuari Eric Jimenez
[2025-12-04 10:57:35] INFO - UserService - saving - Creant l'usuari Eric Jimenez
[2025-12-04 10:57:47] INFO - UserService - gettingAllUsers - Cercant tots els usuaris...
[2025-12-04 10:57:55] INFO - UserService - savingFiles - Guardant fitxers, el fitxer s'ha emmagatzemat en private/image
[2025-12-04 10:57:55] INFO - UserService - uploadingImage - Afegint la imatge a la url private/image
[2025-12-04 10:57:59] INFO - UserService - gettingAllUsers - Cercant tots els usuaris...
